// Jest Snapshot v1, https://goo.gl/fbAQLP

exports[`The SiteSEOReport testing suite The SiteSEOReport should match the snapshot 1`] = `
<div
  className="test_SiteSEOReport"
>
  <p
    className="kBVise test_SiteSEOReport__text"
  >
    Test assessment
  </p>
  <div
    className="kThJwP progress"
  >
    <span
      className="fIIVYx progress__part"
    />
    <span
      className="gMjZuI progress__part"
    />
    <span
      className="irAecT progress__part"
    />
  </div>
  <ul
    className="bXcblh assessments"
    role="list"
  >
    <li
      className="gAfvxM assessments__item"
    >
      <span
        className="kNLErC guETdU assessments__item-bullet"
      />
      <span
        className="kNLErC hgcwtA assessments__item-text"
        dangerouslySetInnerHTML={
          Object {
            "__html": "<div></div>",
          }
        }
      />
      <span
        className="kNLErC eMMOOP assessments__item-score"
      >
        10
      </span>
    </li>
    <li
      className="gAfvxM assessments__item"
    >
      <span
        className="kNLErC eRZNUV assessments__item-bullet"
      />
      <span
        className="kNLErC hgcwtA assessments__item-text"
        dangerouslySetInnerHTML={
          Object {
            "__html": "<div></div>",
          }
        }
      />
      <span
        className="kNLErC eMMOOP assessments__item-score"
      >
        15
      </span>
    </li>
    <li
      className="gAfvxM assessments__item"
    >
      <span
        className="kNLErC kNkJFK assessments__item-bullet"
      />
      <span
        className="kNLErC hgcwtA assessments__item-text"
        dangerouslySetInnerHTML={
          Object {
            "__html": "<div></div>",
          }
        }
      />
      <span
        className="kNLErC eMMOOP assessments__item-score"
      >
        20
      </span>
    </li>
  </ul>
</div>
`;
